square
rectangle
rhombus
parallelogram
trapezoid
kite